{
  "vars": {
    "props": {
      "$_$": "t",
      "$init": "o",
      "$_toggle_effect": "a",
      "$_toggle": "m"
    }
  }
}
