{
  "vars": {
    "props": {
      "$_$": "t",
      "$init": "o",
      "$_setup$tagSelectBody_effect": "r",
      "$_setup$tagSelectBody": "a",
      "$_tagSelectBody": "e"
    }
  }
}
