{
  "vars": {
    "props": {
      "$_$": "t",
      "$init": "e",
      "$_err_message$catch_content": "a",
      "$_err$catch_content": "o",
      "$_params2$catch_content": "n"
    }
  }
}
