{
  "vars": {
    "props": {
      "$_$": "t",
      "$init": "a",
      "$_expr_input_count1_input_count1Change": "n",
      "$_count2_effect": "o",
      "$_count2": "e",
      "$_count_effect": "i",
      "$_count$1": "r",
      "$_input_count1_": "c",
      "$_count": "m",
      "$_expr_input_count2_input_count2Change": "s",
      "$_count2$1": "f",
      "$_input_count2_": "u",
      "$_expr_input_count2Change_input_count": "d",
      "$_expr_input_count1Change_input_count": "l",
      "$_count3": "g"
    }
  }
}
