
    at packages/translator-tags/src/__tests__/fixtures/error-debug-body-content/template.marko:1:13
    > 1 | <debug>Hello</debug>
        |             ^^^^^^^^ The closing "debug" tag was not expected
      2 |