{
  "vars": {
    "props": {
      "$_": "t",
      "$init": "o",
      "$$open__script": "m",
      "$$open": "i"
    }
  }
}
