{
  "vars": {
    "props": {
      "$_": "t",
      "$$catch_content__err_message": "o",
      "$$catch_content__$params": "e",
      "$$catch_content__err": "s"
    }
  }
}
