{
  "vars": {
    "props": {
      "$_$": "r",
      "$init": "t"
    }
  }
}
