
    at packages/runtime-tags/src/__tests__/fixtures/error-lifecycle-no-attrs/template.marko:1:2
    > 1 | <lifecycle />
        |  ^^^^^^^^^ The [`<lifecycle>` tag](https://next.markojs.com/docs/reference/core-tag#lifecycle) requires at least one attribute.