{
  "vars": {
    "props": {
      "$_$": "t",
      "$init": "o",
      "$_expr_handler_y_effect": "a",
      "$_expr_handler_y": "r",
      "$_y": "n",
      "$_x": "e"
    }
  }
}
