{
  "vars": {
    "props": {
      "$_$": "t",
      "$init": "a",
      "$_valueChange": "n",
      "$_x_effect": "r",
      "$_x": "e",
      "$_setup_": "i",
      "$Counter": "o"
    }
  }
}
