{
  "vars": {
    "props": {
      "$_$": "t",
      "$init": "m",
      "$$x": "a"
    }
  }
}
