{
  "vars": {
    "props": {
      "$_$": "t",
      "$init": "r",
      "$_ifBody": "o",
      "$_if": "e",
      "$_show_effect": "n",
      "$_show": "a"
    }
  }
}
