{
  "vars": {
    "props": {
      "$_": "o",
      "$init": "t",
      "$$pattern2": "n",
      "$$bar": "r",
      "$$foo2__script": "m",
      "$$foo2": "e",
      "$$foo": "a",
      "$$foo__OR__fooChange__script": "c",
      "$$foo__OR__fooChange": "_",
      "$$fooChange2": "f",
      "$$count__script": "i",
      "$$count": "s"
    }
  }
}
