{
  "vars": {
    "props": {
      "$_$": "t",
      "$init": "o",
      "$_expr_a_b": "a",
      "$_b": "n",
      "$_a": "c"
    }
  }
}
