{
  "vars": {
    "props": {
      "$_$": "t",
      "$init": "e",
      "$_inputRenderBody_input": "a",
      "$_expr_Text_x_y": "i",
      "$_expr_x_y_effect": "n",
      "$_expr_x_y": "o",
      "$_y": "r",
      "$_x": "s",
      "$_count2$customTagBody": "c",
      "$_count$customTagBody": "d",
      "$_params_2$customTagBody": "m"
    }
  }
}
