{
  "vars": {
    "props": {
      "$_$": "t",
      "$init": "a",
      "$$disabled_effect": "o",
      "$$disabled": "m"
    }
  }
}
