{
  "vars": {
    "props": {
      "$_$": "t",
      "$init": "r",
      "$_count$falseChildBody_effect": "e",
      "$_count$falseChildBody": "n",
      "$_falseChildBody": "o",
      "$_count": "i"
    }
  }
}
