{
  "vars": {
    "props": {
      "$_$": "o",
      "$init": "m",
      "$_x$child_content": "r",
      "$_setup$child_content": "t",
      "$_setHoist__hoisted_el": "e",
      "$_setup$inputShowChildNull_content": "i",
      "$_setup$inputShowDivNull_content": "s",
      "$_inputContent_input2": "n",
      "$_dynamicTag2": "a",
      "$_inputContent_input": "c",
      "$_dynamicTag": "d",
      "$_input_content_": "g",
      "$_child_content2": "f",
      "$_child_content": "b",
      "$_hoist_el": "v",
      "$_hoisted_el$inputShowChildNull_content_effect": "u",
      "$_hoisted_el$inputShowChildNull_content": "T",
      "$_hoist_el2": "h",
      "$_hoisted_el2$inputShowChildNull_content_effect": "l",
      "$_hoisted_el2$inputShowChildNull_content": "y",
      "$_get_hoisted_el": "p",
      "$_get_hoisted_el2": "w"
    }
  }
}
