
    at packages/translator-tags/src/__tests__/fixtures/error-id-no-tag-var/template.marko:1:2
    > 1 | <id/>
        |  ^^ The `id` tag requires a tag variable.
      2 |