{
  "vars": {
    "props": {
      "$_$": "t",
      "$init": "o",
      "$$count_effect": "m",
      "$$count": "a"
    }
  }
}
