{
  "vars": {
    "props": {
      "$_": "t",
      "$init": "o",
      "$$input__OR__count": "r",
      "$$count__script": "e",
      "$$count": "m"
    }
  }
}
