{
  "vars": {
    "props": {
      "$_$": "t",
      "$init": "o",
      "$$expr_count_multiplier": "a",
      "$$multipliedCount": "n",
      "$$multiplier_effect": "c",
      "$$multiplier": "e",
      "$$count_effect": "i",
      "$$count": "m"
    }
  }
}
