{
  "vars": {
    "props": {
      "$_$": "e",
      "$init": "t",
      "$_expr_name_write_effect": "n",
      "$_expr_name_write": "o",
      "$_write_": "r",
      "$_name_": "i",
      "$_write$forBody": "a",
      "$_item$forBody": "s",
      "$_params_2$forBody": "c",
      "$_setup$forBody": "l",
      "$_forBody": "d",
      "$_expr_items_items_length_effect": "u",
      "$_expr_items_items_length": "m",
      "$_for": "f",
      "$_items_length": "g",
      "$_items": "v",
      "$_write": "p",
      "$_name": "b",
      "$_input_": "k",
      "$_expr_item_write$forBody": "D",
      "$_items_effect": "h",
      "$_write$for_content": "A",
      "$_item$for_content": "C",
      "$_params_2$for_content": "S",
      "$_setup$for_content": "$",
      "$_for_content": "y"
    }
  }
}
