{
  "vars": {
    "props": {
      "$_$": "t",
      "$init": "e",
      "$_text": "r",
      "$_value2": "a",
      "$_onClick_effect": "n",
      "$_onClick$1": "o",
      "$_clickCount": "i",
      "$_onClick": "u",
      "$_onClick2": "m"
    }
  }
}
