{
  "vars": {
    "props": {
      "$_$": "t",
      "$init": "e",
      "$_valueChange": "a",
      "$_value": "o"
    }
  }
}
