{
  "vars": {
    "props": {
      "$_$": "t",
      "$init": "n",
      "$_prev": "o",
      "$_onMount": "r",
      "$_onUpdate": "c",
      "$_x_effect": "a",
      "$_x": "e"
    }
  }
}
