{
  "vars": {
    "props": {
      "$_$": "t",
      "$init": "a",
      "$_foo": "o"
    }
  }
}
